 
****************************************
check_design summary:
Version:     K-2015.06
Date:        Sun Mar 24 11:02:54 2019
****************************************

                   Name                                            Total
--------------------------------------------------------------------------------
Cells                                                             370
    Cells do not drive (LINT-1)                                   370
--------------------------------------------------------------------------------

Warning: In design 'sad_cal', cell 'C32659' does not drive any nets. (LINT-1)
Warning: In design 'sad_cal', cell 'C32661' does not drive any nets. (LINT-1)
Warning: In design 'sad_cal', cell 'C32664' does not drive any nets. (LINT-1)
Warning: In design 'sad_cal', cell 'C32667' does not drive any nets. (LINT-1)
Warning: In design 'sad_cal', cell 'C32670' does not drive any nets. (LINT-1)
Warning: In design 'sad_cal', cell 'C32673' does not drive any nets. (LINT-1)
Warning: In design 'sad_cal', cell 'C32676' does not drive any nets. (LINT-1)
Warning: In design 'sad_cal', cell 'C32679' does not drive any nets. (LINT-1)
Warning: In design 'sad_cal', cell 'C32682' does not drive any nets. (LINT-1)
Warning: In design 'sad_cal', cell 'C32685' does not drive any nets. (LINT-1)
Warning: In design 'sad_cal', cell 'C32688' does not drive any nets. (LINT-1)
Warning: In design 'sad_cal', cell 'C32692' does not drive any nets. (LINT-1)
Warning: In design 'sad_cal', cell 'C32695' does not drive any nets. (LINT-1)
Warning: In design 'sad_cal', cell 'C32698' does not drive any nets. (LINT-1)
Warning: In design 'sad_cal', cell 'C32701' does not drive any nets. (LINT-1)
Warning: In design 'sad_cal', cell 'C32704' does not drive any nets. (LINT-1)
Warning: In design 'sad_cal', cell 'C32707' does not drive any nets. (LINT-1)
Warning: In design 'sad_cal', cell 'C32710' does not drive any nets. (LINT-1)
Warning: In design 'sad_cal', cell 'C32713' does not drive any nets. (LINT-1)
Warning: In design 'sad_cal', cell 'C32716' does not drive any nets. (LINT-1)
Warning: In design 'sad_cal', cell 'C32719' does not drive any nets. (LINT-1)
Warning: In design 'sad_cal', cell 'C32721' does not drive any nets. (LINT-1)
Warning: In design 'sad_cal', cell 'C32726' does not drive any nets. (LINT-1)
Warning: In design 'sad_cal', cell 'C32729' does not drive any nets. (LINT-1)
Warning: In design 'sad_cal', cell 'C32732' does not drive any nets. (LINT-1)
Warning: In design 'sad_cal', cell 'C32735' does not drive any nets. (LINT-1)
Warning: In design 'sad_cal', cell 'C32738' does not drive any nets. (LINT-1)
Warning: In design 'sad_cal', cell 'C32741' does not drive any nets. (LINT-1)
Warning: In design 'sad_cal', cell 'C32744' does not drive any nets. (LINT-1)
Warning: In design 'sad_cal', cell 'C32749' does not drive any nets. (LINT-1)
Warning: In design 'sad_cal', cell 'C32762' does not drive any nets. (LINT-1)
Warning: In design 'sad_cal', cell 'C32775' does not drive any nets. (LINT-1)
Warning: In design 'sad_cal', cell 'C32788' does not drive any nets. (LINT-1)
Warning: In design 'sad_cal', cell 'C32802' does not drive any nets. (LINT-1)
Warning: In design 'sad_cal', cell 'C32815' does not drive any nets. (LINT-1)
Warning: In design 'sad_cal', cell 'C32828' does not drive any nets. (LINT-1)
Warning: In design 'sad_cal', cell 'C32841' does not drive any nets. (LINT-1)
Warning: In design 'sad_cal', cell 'C32854' does not drive any nets. (LINT-1)
Warning: In design 'sad_cal', cell 'C32867' does not drive any nets. (LINT-1)
Warning: In design 'sad_cal', cell 'C32880' does not drive any nets. (LINT-1)
Warning: In design 'sad_cal', cell 'C32893' does not drive any nets. (LINT-1)
Warning: In design 'sad_cal', cell 'C32906' does not drive any nets. (LINT-1)
Warning: In design 'sad_cal', cell 'C32919' does not drive any nets. (LINT-1)
Warning: In design 'sad_cal', cell 'C32932' does not drive any nets. (LINT-1)
Warning: In design 'sad_cal', cell 'C32946' does not drive any nets. (LINT-1)
Warning: In design 'sad_cal', cell 'C32959' does not drive any nets. (LINT-1)
Warning: In design 'sad_cal', cell 'C32972' does not drive any nets. (LINT-1)
Warning: In design 'sad_cal', cell 'C32985' does not drive any nets. (LINT-1)
Warning: In design 'sad_cal', cell 'C32998' does not drive any nets. (LINT-1)
Warning: In design 'sad_cal', cell 'C33011' does not drive any nets. (LINT-1)
Warning: In design 'sad_cal', cell 'C33024' does not drive any nets. (LINT-1)
Warning: In design 'sad_cal', cell 'C33037' does not drive any nets. (LINT-1)
Warning: In design 'sad_cal', cell 'C33050' does not drive any nets. (LINT-1)
Warning: In design 'sad_cal', cell 'C33063' does not drive any nets. (LINT-1)
Warning: In design 'sad_cal', cell 'C33076' does not drive any nets. (LINT-1)
Warning: In design 'sad_cal', cell 'C33090' does not drive any nets. (LINT-1)
Warning: In design 'sad_cal', cell 'C33103' does not drive any nets. (LINT-1)
Warning: In design 'sad_cal', cell 'C33116' does not drive any nets. (LINT-1)
Warning: In design 'sad_cal', cell 'C33129' does not drive any nets. (LINT-1)
Warning: In design 'sad_cal', cell 'C33142' does not drive any nets. (LINT-1)
Warning: In design 'sad_cal', cell 'C33155' does not drive any nets. (LINT-1)
Warning: In design 'sad_cal', cell 'C33168' does not drive any nets. (LINT-1)
Warning: In design 'sad_cal', cell 'C33181' does not drive any nets. (LINT-1)
Warning: In design 'sad_cal', cell 'C33194' does not drive any nets. (LINT-1)
Warning: In design 'sad_cal', cell 'C33207' does not drive any nets. (LINT-1)
Warning: In design 'sad_cal', cell 'C33220' does not drive any nets. (LINT-1)
Warning: In design 'sad_cal', cell 'C33234' does not drive any nets. (LINT-1)
Warning: In design 'sad_cal', cell 'C33247' does not drive any nets. (LINT-1)
Warning: In design 'sad_cal', cell 'C33260' does not drive any nets. (LINT-1)
Warning: In design 'sad_cal', cell 'C33273' does not drive any nets. (LINT-1)
Warning: In design 'sad_cal', cell 'C33288' does not drive any nets. (LINT-1)
Warning: In design 'sad_cal', cell 'C33301' does not drive any nets. (LINT-1)
Warning: In design 'sad_cal', cell 'C33314' does not drive any nets. (LINT-1)
Warning: In design 'sad_cal', cell 'C33327' does not drive any nets. (LINT-1)
Warning: In design 'sad_cal', cell 'C33340' does not drive any nets. (LINT-1)
Warning: In design 'sad_cal', cell 'C33353' does not drive any nets. (LINT-1)
Warning: In design 'sad_cal', cell 'C33366' does not drive any nets. (LINT-1)
Warning: In design 'sad_cal', cell 'C33380' does not drive any nets. (LINT-1)
Warning: In design 'sad_cal', cell 'C33393' does not drive any nets. (LINT-1)
Warning: In design 'sad_cal', cell 'C33406' does not drive any nets. (LINT-1)
Warning: In design 'sad_cal', cell 'C33419' does not drive any nets. (LINT-1)
Warning: In design 'sad_cal', cell 'C33432' does not drive any nets. (LINT-1)
Warning: In design 'sad_cal', cell 'C33445' does not drive any nets. (LINT-1)
Warning: In design 'sad_cal', cell 'C33458' does not drive any nets. (LINT-1)
Warning: In design 'sad_cal', cell 'C33471' does not drive any nets. (LINT-1)
Warning: In design 'sad_cal', cell 'C33484' does not drive any nets. (LINT-1)
Warning: In design 'sad_cal', cell 'C33497' does not drive any nets. (LINT-1)
Warning: In design 'sad_cal', cell 'C33510' does not drive any nets. (LINT-1)
Warning: In design 'sad_cal', cell 'C33524' does not drive any nets. (LINT-1)
Warning: In design 'sad_cal', cell 'C33537' does not drive any nets. (LINT-1)
Warning: In design 'sad_cal', cell 'C33550' does not drive any nets. (LINT-1)
Warning: In design 'sad_cal', cell 'C33563' does not drive any nets. (LINT-1)
Warning: In design 'sad_cal', cell 'C33576' does not drive any nets. (LINT-1)
Warning: In design 'sad_cal', cell 'C33589' does not drive any nets. (LINT-1)
Warning: In design 'sad_cal', cell 'C33602' does not drive any nets. (LINT-1)
Warning: In design 'sad_cal', cell 'C33615' does not drive any nets. (LINT-1)
Warning: In design 'sad_cal', cell 'C33628' does not drive any nets. (LINT-1)
Warning: In design 'sad_cal', cell 'C33641' does not drive any nets. (LINT-1)
Warning: In design 'sad_cal', cell 'C33654' does not drive any nets. (LINT-1)
Warning: In design 'sad_cal', cell 'C33668' does not drive any nets. (LINT-1)
Warning: In design 'sad_cal', cell 'C33681' does not drive any nets. (LINT-1)
Warning: In design 'sad_cal', cell 'C33694' does not drive any nets. (LINT-1)
Warning: In design 'sad_cal', cell 'C33707' does not drive any nets. (LINT-1)
Warning: In design 'sad_cal', cell 'C33720' does not drive any nets. (LINT-1)
Warning: In design 'sad_cal', cell 'C33733' does not drive any nets. (LINT-1)
Warning: In design 'sad_cal', cell 'C33746' does not drive any nets. (LINT-1)
Warning: In design 'sad_cal', cell 'C33759' does not drive any nets. (LINT-1)
Warning: In design 'sad_cal', cell 'C33772' does not drive any nets. (LINT-1)
Warning: In design 'sad_cal', cell 'C33785' does not drive any nets. (LINT-1)
Warning: In design 'sad_cal', cell 'C33798' does not drive any nets. (LINT-1)
Warning: In design 'sad_cal', cell 'C33812' does not drive any nets. (LINT-1)
Warning: In design 'sad_cal', cell 'C33825' does not drive any nets. (LINT-1)
Warning: In design 'sad_cal', cell 'C33838' does not drive any nets. (LINT-1)
Warning: In design 'sad_cal', cell 'C33851' does not drive any nets. (LINT-1)
Warning: In design 'sad_cal', cell 'C33864' does not drive any nets. (LINT-1)
Warning: In design 'sad_cal', cell 'C33877' does not drive any nets. (LINT-1)
Warning: In design 'sad_cal', cell 'C33890' does not drive any nets. (LINT-1)
Warning: In design 'sad_cal', cell 'C33903' does not drive any nets. (LINT-1)
Warning: In design 'sad_cal', cell 'C33916' does not drive any nets. (LINT-1)
Warning: In design 'sad_cal', cell 'C33929' does not drive any nets. (LINT-1)
Warning: In design 'sad_cal', cell 'C33942' does not drive any nets. (LINT-1)
Warning: In design 'sad_cal', cell 'C33956' does not drive any nets. (LINT-1)
Warning: In design 'sad_cal', cell 'C33969' does not drive any nets. (LINT-1)
Warning: In design 'sad_cal', cell 'C33982' does not drive any nets. (LINT-1)
Warning: In design 'sad_cal', cell 'C33995' does not drive any nets. (LINT-1)
Warning: In design 'sad_cal', cell 'C34008' does not drive any nets. (LINT-1)
Warning: In design 'sad_cal', cell 'C34021' does not drive any nets. (LINT-1)
Warning: In design 'sad_cal', cell 'C34034' does not drive any nets. (LINT-1)
Warning: In design 'sad_cal', cell 'C34047' does not drive any nets. (LINT-1)
Warning: In design 'sad_cal', cell 'C34060' does not drive any nets. (LINT-1)
Warning: In design 'sad_cal', cell 'C34073' does not drive any nets. (LINT-1)
Warning: In design 'sad_cal', cell 'C34086' does not drive any nets. (LINT-1)
Warning: In design 'sad_cal', cell 'C34100' does not drive any nets. (LINT-1)
Warning: In design 'sad_cal', cell 'C34113' does not drive any nets. (LINT-1)
Warning: In design 'sad_cal', cell 'C34126' does not drive any nets. (LINT-1)
Warning: In design 'sad_cal', cell 'C34139' does not drive any nets. (LINT-1)
Warning: In design 'sad_cal', cell 'C34152' does not drive any nets. (LINT-1)
Warning: In design 'sad_cal', cell 'C34165' does not drive any nets. (LINT-1)
Warning: In design 'sad_cal', cell 'C34178' does not drive any nets. (LINT-1)
Warning: In design 'sad_cal', cell 'C34191' does not drive any nets. (LINT-1)
Warning: In design 'sad_cal', cell 'C34204' does not drive any nets. (LINT-1)
Warning: In design 'sad_cal', cell 'C34217' does not drive any nets. (LINT-1)
Warning: In design 'sad_cal', cell 'C34230' does not drive any nets. (LINT-1)
Warning: In design 'sad_cal', cell 'C34244' does not drive any nets. (LINT-1)
Warning: In design 'sad_cal', cell 'C34257' does not drive any nets. (LINT-1)
Warning: In design 'sad_cal', cell 'C34270' does not drive any nets. (LINT-1)
Warning: In design 'sad_cal', cell 'C34283' does not drive any nets. (LINT-1)
Warning: In design 'sad_cal', cell 'C34296' does not drive any nets. (LINT-1)
Warning: In design 'sad_cal', cell 'C34309' does not drive any nets. (LINT-1)
Warning: In design 'sad_cal', cell 'C34322' does not drive any nets. (LINT-1)
Warning: In design 'sad_cal', cell 'C34335' does not drive any nets. (LINT-1)
Warning: In design 'sad_cal', cell 'C34348' does not drive any nets. (LINT-1)
Warning: In design 'sad_cal', cell 'C34361' does not drive any nets. (LINT-1)
Warning: In design 'sad_cal', cell 'C34374' does not drive any nets. (LINT-1)
Warning: In design 'sad_cal', cell 'C34388' does not drive any nets. (LINT-1)
Warning: In design 'sad_cal', cell 'C34401' does not drive any nets. (LINT-1)
Warning: In design 'sad_cal', cell 'C34414' does not drive any nets. (LINT-1)
Warning: In design 'sad_cal', cell 'C34427' does not drive any nets. (LINT-1)
Warning: In design 'sad_cal', cell 'C34440' does not drive any nets. (LINT-1)
Warning: In design 'sad_cal', cell 'C34453' does not drive any nets. (LINT-1)
Warning: In design 'sad_cal', cell 'C34466' does not drive any nets. (LINT-1)
Warning: In design 'sad_cal', cell 'C34479' does not drive any nets. (LINT-1)
Warning: In design 'sad_cal', cell 'C34492' does not drive any nets. (LINT-1)
Warning: In design 'sad_cal', cell 'C34505' does not drive any nets. (LINT-1)
Warning: In design 'sad_cal', cell 'C34518' does not drive any nets. (LINT-1)
Warning: In design 'sad_cal', cell 'C34532' does not drive any nets. (LINT-1)
Warning: In design 'sad_cal', cell 'C34545' does not drive any nets. (LINT-1)
Warning: In design 'sad_cal', cell 'C34558' does not drive any nets. (LINT-1)
Warning: In design 'sad_cal', cell 'C34571' does not drive any nets. (LINT-1)
Warning: In design 'sad_cal', cell 'C34586' does not drive any nets. (LINT-1)
Warning: In design 'sad_cal', cell 'C34599' does not drive any nets. (LINT-1)
Warning: In design 'sad_cal', cell 'C34612' does not drive any nets. (LINT-1)
Warning: In design 'sad_cal', cell 'C34625' does not drive any nets. (LINT-1)
Warning: In design 'sad_cal', cell 'C34638' does not drive any nets. (LINT-1)
Warning: In design 'sad_cal', cell 'C34651' does not drive any nets. (LINT-1)
Warning: In design 'sad_cal', cell 'C34664' does not drive any nets. (LINT-1)
Warning: In design 'sad_cal', cell 'C34678' does not drive any nets. (LINT-1)
Warning: In design 'sad_cal', cell 'C34691' does not drive any nets. (LINT-1)
Warning: In design 'sad_cal', cell 'C34704' does not drive any nets. (LINT-1)
Warning: In design 'sad_cal', cell 'C34717' does not drive any nets. (LINT-1)
Warning: In design 'sad_cal', cell 'C34730' does not drive any nets. (LINT-1)
Warning: In design 'sad_cal', cell 'C34743' does not drive any nets. (LINT-1)
Warning: In design 'sad_cal', cell 'C34756' does not drive any nets. (LINT-1)
Warning: In design 'sad_cal', cell 'C34769' does not drive any nets. (LINT-1)
Warning: In design 'sad_cal', cell 'C34782' does not drive any nets. (LINT-1)
Warning: In design 'sad_cal', cell 'C34795' does not drive any nets. (LINT-1)
Warning: In design 'sad_cal', cell 'C34808' does not drive any nets. (LINT-1)
Warning: In design 'sad_cal', cell 'C34822' does not drive any nets. (LINT-1)
Warning: In design 'sad_cal', cell 'C34835' does not drive any nets. (LINT-1)
Warning: In design 'sad_cal', cell 'C34848' does not drive any nets. (LINT-1)
Warning: In design 'sad_cal', cell 'C34861' does not drive any nets. (LINT-1)
Warning: In design 'sad_cal', cell 'C34874' does not drive any nets. (LINT-1)
Warning: In design 'sad_cal', cell 'C34887' does not drive any nets. (LINT-1)
Warning: In design 'sad_cal', cell 'C34900' does not drive any nets. (LINT-1)
Warning: In design 'sad_cal', cell 'C34913' does not drive any nets. (LINT-1)
Warning: In design 'sad_cal', cell 'C34926' does not drive any nets. (LINT-1)
Warning: In design 'sad_cal', cell 'C34939' does not drive any nets. (LINT-1)
Warning: In design 'sad_cal', cell 'C34952' does not drive any nets. (LINT-1)
Warning: In design 'sad_cal', cell 'C34966' does not drive any nets. (LINT-1)
Warning: In design 'sad_cal', cell 'C34979' does not drive any nets. (LINT-1)
Warning: In design 'sad_cal', cell 'C34992' does not drive any nets. (LINT-1)
Warning: In design 'sad_cal', cell 'C35005' does not drive any nets. (LINT-1)
Warning: In design 'sad_cal', cell 'C35018' does not drive any nets. (LINT-1)
Warning: In design 'sad_cal', cell 'C35031' does not drive any nets. (LINT-1)
Warning: In design 'sad_cal', cell 'C35044' does not drive any nets. (LINT-1)
Warning: In design 'sad_cal', cell 'C35057' does not drive any nets. (LINT-1)
Warning: In design 'sad_cal', cell 'C35070' does not drive any nets. (LINT-1)
Warning: In design 'sad_cal', cell 'C35083' does not drive any nets. (LINT-1)
Warning: In design 'sad_cal', cell 'C35096' does not drive any nets. (LINT-1)
Warning: In design 'sad_cal', cell 'C35110' does not drive any nets. (LINT-1)
Warning: In design 'sad_cal', cell 'C35123' does not drive any nets. (LINT-1)
Warning: In design 'sad_cal', cell 'C35136' does not drive any nets. (LINT-1)
Warning: In design 'sad_cal', cell 'C35149' does not drive any nets. (LINT-1)
Warning: In design 'sad_cal', cell 'C35162' does not drive any nets. (LINT-1)
Warning: In design 'sad_cal', cell 'C35175' does not drive any nets. (LINT-1)
Warning: In design 'sad_cal', cell 'C35188' does not drive any nets. (LINT-1)
Warning: In design 'sad_cal', cell 'C35201' does not drive any nets. (LINT-1)
Warning: In design 'sad_cal', cell 'C35214' does not drive any nets. (LINT-1)
Warning: In design 'sad_cal', cell 'C35227' does not drive any nets. (LINT-1)
Warning: In design 'sad_cal', cell 'C35240' does not drive any nets. (LINT-1)
Warning: In design 'sad_cal', cell 'C35254' does not drive any nets. (LINT-1)
Warning: In design 'sad_cal', cell 'C35267' does not drive any nets. (LINT-1)
Warning: In design 'sad_cal', cell 'C35280' does not drive any nets. (LINT-1)
Warning: In design 'sad_cal', cell 'C35293' does not drive any nets. (LINT-1)
Warning: In design 'sad_cal', cell 'C35306' does not drive any nets. (LINT-1)
Warning: In design 'sad_cal', cell 'C35319' does not drive any nets. (LINT-1)
Warning: In design 'sad_cal', cell 'C35332' does not drive any nets. (LINT-1)
Warning: In design 'sad_cal', cell 'C35345' does not drive any nets. (LINT-1)
Warning: In design 'sad_cal', cell 'C35358' does not drive any nets. (LINT-1)
Warning: In design 'sad_cal', cell 'C35371' does not drive any nets. (LINT-1)
Warning: In design 'sad_cal', cell 'C35384' does not drive any nets. (LINT-1)
Warning: In design 'sad_cal', cell 'C35398' does not drive any nets. (LINT-1)
Warning: In design 'sad_cal', cell 'C35411' does not drive any nets. (LINT-1)
Warning: In design 'sad_cal', cell 'C35424' does not drive any nets. (LINT-1)
Warning: In design 'sad_cal', cell 'C35437' does not drive any nets. (LINT-1)
Warning: In design 'sad_cal', cell 'C35450' does not drive any nets. (LINT-1)
Warning: In design 'sad_cal', cell 'C35463' does not drive any nets. (LINT-1)
Warning: In design 'sad_cal', cell 'C35476' does not drive any nets. (LINT-1)
Warning: In design 'sad_cal', cell 'C35489' does not drive any nets. (LINT-1)
Warning: In design 'sad_cal', cell 'C35502' does not drive any nets. (LINT-1)
Warning: In design 'sad_cal', cell 'C35515' does not drive any nets. (LINT-1)
Warning: In design 'sad_cal', cell 'C35528' does not drive any nets. (LINT-1)
Warning: In design 'sad_cal', cell 'C35542' does not drive any nets. (LINT-1)
Warning: In design 'sad_cal', cell 'C35555' does not drive any nets. (LINT-1)
Warning: In design 'sad_cal', cell 'C35568' does not drive any nets. (LINT-1)
Warning: In design 'sad_cal', cell 'C35581' does not drive any nets. (LINT-1)
Warning: In design 'sad_cal', cell 'C35594' does not drive any nets. (LINT-1)
Warning: In design 'sad_cal', cell 'C35607' does not drive any nets. (LINT-1)
Warning: In design 'sad_cal', cell 'C35620' does not drive any nets. (LINT-1)
Warning: In design 'sad_cal', cell 'C35633' does not drive any nets. (LINT-1)
Warning: In design 'sad_cal', cell 'C35646' does not drive any nets. (LINT-1)
Warning: In design 'sad_cal', cell 'C35659' does not drive any nets. (LINT-1)
Warning: In design 'sad_cal', cell 'C35672' does not drive any nets. (LINT-1)
Warning: In design 'sad_cal', cell 'C35686' does not drive any nets. (LINT-1)
Warning: In design 'sad_cal', cell 'C35699' does not drive any nets. (LINT-1)
Warning: In design 'sad_cal', cell 'C35712' does not drive any nets. (LINT-1)
Warning: In design 'sad_cal', cell 'C35725' does not drive any nets. (LINT-1)
Warning: In design 'sad_cal', cell 'C35738' does not drive any nets. (LINT-1)
Warning: In design 'sad_cal', cell 'C35751' does not drive any nets. (LINT-1)
Warning: In design 'sad_cal', cell 'C35764' does not drive any nets. (LINT-1)
Warning: In design 'sad_cal', cell 'C35777' does not drive any nets. (LINT-1)
Warning: In design 'sad_cal', cell 'C35790' does not drive any nets. (LINT-1)
Warning: In design 'sad_cal', cell 'C35803' does not drive any nets. (LINT-1)
Warning: In design 'sad_cal', cell 'C35816' does not drive any nets. (LINT-1)
Warning: In design 'sad_cal', cell 'C35830' does not drive any nets. (LINT-1)
Warning: In design 'sad_cal', cell 'C35843' does not drive any nets. (LINT-1)
Warning: In design 'sad_cal', cell 'C35856' does not drive any nets. (LINT-1)
Warning: In design 'sad_cal', cell 'C35869' does not drive any nets. (LINT-1)
Warning: In design 'sad_cal', cell 'C35884' does not drive any nets. (LINT-1)
Warning: In design 'sad_cal', cell 'C35897' does not drive any nets. (LINT-1)
Warning: In design 'sad_cal', cell 'C35910' does not drive any nets. (LINT-1)
Warning: In design 'sad_cal', cell 'C35923' does not drive any nets. (LINT-1)
Warning: In design 'sad_cal', cell 'C35936' does not drive any nets. (LINT-1)
Warning: In design 'sad_cal', cell 'C35949' does not drive any nets. (LINT-1)
Warning: In design 'sad_cal', cell 'C35962' does not drive any nets. (LINT-1)
Warning: In design 'sad_cal', cell 'C35976' does not drive any nets. (LINT-1)
Warning: In design 'sad_cal', cell 'C35989' does not drive any nets. (LINT-1)
Warning: In design 'sad_cal', cell 'C36002' does not drive any nets. (LINT-1)
Warning: In design 'sad_cal', cell 'C36015' does not drive any nets. (LINT-1)
Warning: In design 'sad_cal', cell 'C36028' does not drive any nets. (LINT-1)
Warning: In design 'sad_cal', cell 'C36041' does not drive any nets. (LINT-1)
Warning: In design 'sad_cal', cell 'C36054' does not drive any nets. (LINT-1)
Warning: In design 'sad_cal', cell 'C36067' does not drive any nets. (LINT-1)
Warning: In design 'sad_cal', cell 'C36080' does not drive any nets. (LINT-1)
Warning: In design 'sad_cal', cell 'C36093' does not drive any nets. (LINT-1)
Warning: In design 'sad_cal', cell 'C36103' does not drive any nets. (LINT-1)
Warning: In design 'sad_cal', cell 'C36106' does not drive any nets. (LINT-1)
Warning: In design 'sad_cal', cell 'C36108' does not drive any nets. (LINT-1)
Warning: In design 'sad_cal', cell 'C36110' does not drive any nets. (LINT-1)
Warning: In design 'sad_cal', cell 'C36112' does not drive any nets. (LINT-1)
Warning: In design 'sad_cal', cell 'C36114' does not drive any nets. (LINT-1)
Warning: In design 'sad_cal', cell 'C36116' does not drive any nets. (LINT-1)
Warning: In design 'sad_cal', cell 'C36118' does not drive any nets. (LINT-1)
Warning: In design 'sad_cal', cell 'C36120' does not drive any nets. (LINT-1)
Warning: In design 'sad_cal', cell 'C36122' does not drive any nets. (LINT-1)
Warning: In design 'sad_cal', cell 'C36125' does not drive any nets. (LINT-1)
Warning: In design 'sad_cal', cell 'C36127' does not drive any nets. (LINT-1)
Warning: In design 'sad_cal', cell 'C36129' does not drive any nets. (LINT-1)
Warning: In design 'sad_cal', cell 'C36131' does not drive any nets. (LINT-1)
Warning: In design 'sad_cal', cell 'C36133' does not drive any nets. (LINT-1)
Warning: In design 'sad_cal', cell 'C36135' does not drive any nets. (LINT-1)
Warning: In design 'sad_cal', cell 'C36137' does not drive any nets. (LINT-1)
Warning: In design 'sad_cal', cell 'C36139' does not drive any nets. (LINT-1)
Warning: In design 'sad_cal', cell 'C36141' does not drive any nets. (LINT-1)
Warning: In design 'sad_cal', cell 'C36144' does not drive any nets. (LINT-1)
Warning: In design 'sad_cal', cell 'C36146' does not drive any nets. (LINT-1)
Warning: In design 'sad_cal', cell 'C36148' does not drive any nets. (LINT-1)
Warning: In design 'sad_cal', cell 'C36150' does not drive any nets. (LINT-1)
Warning: In design 'sad_cal', cell 'C36152' does not drive any nets. (LINT-1)
Warning: In design 'sad_cal', cell 'C36154' does not drive any nets. (LINT-1)
Warning: In design 'sad_cal', cell 'C36156' does not drive any nets. (LINT-1)
Warning: In design 'sad_cal', cell 'C36158' does not drive any nets. (LINT-1)
Warning: In design 'sad_cal', cell 'C36160' does not drive any nets. (LINT-1)
Warning: In design 'sad_cal', cell 'C36163' does not drive any nets. (LINT-1)
Warning: In design 'sad_cal', cell 'C36165' does not drive any nets. (LINT-1)
Warning: In design 'sad_cal', cell 'C36167' does not drive any nets. (LINT-1)
Warning: In design 'sad_cal', cell 'C36169' does not drive any nets. (LINT-1)
Warning: In design 'sad_cal', cell 'C36171' does not drive any nets. (LINT-1)
Warning: In design 'sad_cal', cell 'C36173' does not drive any nets. (LINT-1)
Warning: In design 'sad_cal', cell 'C36175' does not drive any nets. (LINT-1)
Warning: In design 'sad_cal', cell 'C36177' does not drive any nets. (LINT-1)
Warning: In design 'sad_cal', cell 'C36179' does not drive any nets. (LINT-1)
Warning: In design 'sad_cal', cell 'C36182' does not drive any nets. (LINT-1)
Warning: In design 'sad_cal', cell 'C36184' does not drive any nets. (LINT-1)
Warning: In design 'sad_cal', cell 'C36186' does not drive any nets. (LINT-1)
Warning: In design 'sad_cal', cell 'C36188' does not drive any nets. (LINT-1)
Warning: In design 'sad_cal', cell 'C36190' does not drive any nets. (LINT-1)
Warning: In design 'sad_cal', cell 'C36192' does not drive any nets. (LINT-1)
Warning: In design 'sad_cal', cell 'C36194' does not drive any nets. (LINT-1)
Warning: In design 'sad_cal', cell 'C36196' does not drive any nets. (LINT-1)
Warning: In design 'sad_cal', cell 'C36198' does not drive any nets. (LINT-1)
Warning: In design 'sad_cal', cell 'C36201' does not drive any nets. (LINT-1)
Warning: In design 'sad_cal', cell 'C36203' does not drive any nets. (LINT-1)
Warning: In design 'sad_cal', cell 'C36205' does not drive any nets. (LINT-1)
Warning: In design 'sad_cal', cell 'C36207' does not drive any nets. (LINT-1)
Warning: In design 'sad_cal', cell 'C36209' does not drive any nets. (LINT-1)
Warning: In design 'sad_cal', cell 'C36211' does not drive any nets. (LINT-1)
Warning: In design 'sad_cal', cell 'C36213' does not drive any nets. (LINT-1)
Warning: In design 'sad_cal', cell 'C36215' does not drive any nets. (LINT-1)
Warning: In design 'sad_cal', cell 'C36217' does not drive any nets. (LINT-1)
Warning: In design 'sad_cal', cell 'C36220' does not drive any nets. (LINT-1)
Warning: In design 'sad_cal', cell 'C36222' does not drive any nets. (LINT-1)
Warning: In design 'sad_cal', cell 'C36224' does not drive any nets. (LINT-1)
Warning: In design 'sad_cal', cell 'C36226' does not drive any nets. (LINT-1)
Warning: In design 'sad_cal', cell 'C36228' does not drive any nets. (LINT-1)
Warning: In design 'sad_cal', cell 'C36230' does not drive any nets. (LINT-1)
Warning: In design 'sad_cal', cell 'C36232' does not drive any nets. (LINT-1)
Warning: In design 'sad_cal', cell 'C36234' does not drive any nets. (LINT-1)
Warning: In design 'sad_cal', cell 'C36236' does not drive any nets. (LINT-1)
Warning: In design 'sad_cal', cell 'C36239' does not drive any nets. (LINT-1)
Warning: In design 'sad_cal', cell 'C36241' does not drive any nets. (LINT-1)
Warning: In design 'sad_cal', cell 'C36243' does not drive any nets. (LINT-1)
Warning: In design 'sad_cal', cell 'C36245' does not drive any nets. (LINT-1)
Warning: In design 'sad_cal', cell 'C36247' does not drive any nets. (LINT-1)
Warning: In design 'sad_cal', cell 'C36249' does not drive any nets. (LINT-1)
Warning: In design 'sad_cal', cell 'C36251' does not drive any nets. (LINT-1)
Warning: In design 'sad_cal', cell 'C36254' does not drive any nets. (LINT-1)
Warning: In design 'sad_cal', cell 'C36256' does not drive any nets. (LINT-1)
Warning: In design 'sad_cal', cell 'C36258' does not drive any nets. (LINT-1)
Warning: In design 'sad_cal', cell 'C36260' does not drive any nets. (LINT-1)
Warning: In design 'sad_cal', cell 'C36262' does not drive any nets. (LINT-1)
Warning: In design 'sad_cal', cell 'C36264' does not drive any nets. (LINT-1)
Warning: In design 'sad_cal', cell 'C36266' does not drive any nets. (LINT-1)
Warning: In design 'sad_cal', cell 'C36269' does not drive any nets. (LINT-1)
Warning: In design 'sad_cal', cell 'C36271' does not drive any nets. (LINT-1)
Warning: In design 'sad_cal', cell 'C36273' does not drive any nets. (LINT-1)
Warning: In design 'sad_cal', cell 'C36275' does not drive any nets. (LINT-1)
Warning: In design 'sad_cal', cell 'C36279' does not drive any nets. (LINT-1)
Warning: In design 'sad_cal', cell 'C36281' does not drive any nets. (LINT-1)
Warning: In design 'sad_cal', cell 'C36284' does not drive any nets. (LINT-1)
1
